[INFO] Scanning for projects...
[INFO] 
[INFO] --------------------------< in.sfp.main:sfp >---------------------------
[INFO] Building Billing Application 0.0.1-SNAPSHOT
[INFO]   from pom.xml
[INFO] --------------------------------[ jar ]---------------------------------
[INFO] 
[INFO] --- resources:3.3.1:resources (default-resources) @ sfp ---
[INFO] Copying 1 resource from src\main\resources to target\classes
[INFO] Copying 29 resources from src\main\resources to target\classes
[INFO] 
[INFO] --- compiler:3.14.1:compile (default-compile) @ sfp ---
[INFO] Recompiling the module because of changed source code.
[INFO] Compiling 57 source files with javac [debug parameters release 21] to target\classes
[INFO] -------------------------------------------------------------
[ERROR] COMPILATION ERROR : 
[INFO] -------------------------------------------------------------
[ERROR] /C:/Users/Deepansh/OneDrive/Desktop/Billing App/src/main/java/in/sfp/main/service/serviceimpl/DashboardServiceImpl.java:[271,32] cannot find symbol
  symbol:   class StockInfo
  location: class in.sfp.main.service.serviceimpl.DashboardServiceImpl
[ERROR] /C:/Users/Deepansh/OneDrive/Desktop/Billing App/src/main/java/in/sfp/main/service/serviceimpl/DashboardServiceImpl.java:[274,51] cannot find symbol
  symbol:   variable StockInfo
  location: class in.sfp.main.service.serviceimpl.DashboardServiceImpl
[INFO] 2 errors 
[INFO] -------------------------------------------------------------
[INFO] ------------------------------------------------------------------------
[INFO] BUILD FAILURE
[INFO] ------------------------------------------------------------------------
[INFO] Total time:  11.752 s
[INFO] Finished at: 2026-03-13T19:28:50+05:30
[INFO] ------------------------------------------------------------------------
[ERROR] Failed to execute goal org.apache.maven.plugins:maven-compiler-plugin:3.14.1:compile (default-compile) on project sfp: Compilation failure: Compilation failure: 
[ERROR] /C:/Users/Deepansh/OneDrive/Desktop/Billing App/src/main/java/in/sfp/main/service/serviceimpl/DashboardServiceImpl.java:[271,32] cannot find symbol
[ERROR]   symbol:   class StockInfo
[ERROR]   location: class in.sfp.main.service.serviceimpl.DashboardServiceImpl
[ERROR] /C:/Users/Deepansh/OneDrive/Desktop/Billing App/src/main/java/in/sfp/main/service/serviceimpl/DashboardServiceImpl.java:[274,51] cannot find symbol
[ERROR]   symbol:   variable StockInfo
[ERROR]   location: class in.sfp.main.service.serviceimpl.DashboardServiceImpl
[ERROR] -> [Help 1]
[ERROR] 
[ERROR] To see the full stack trace of the errors, re-run Maven with the -e switch.
[ERROR] Re-run Maven using the -X switch to enable full debug logging.
[ERROR] 
[ERROR] For more information about the errors and possible solutions, please read the following articles:
[ERROR] [Help 1] http://cwiki.apache.org/confluence/display/MAVEN/MojoFailureException
